==========================================
SLURM_JOB_ID = 79436
SLURM_NODELIST = node06
SLURM_JOB_GPUS = 
==========================================
=========================================
job id    : 79436
nodes     : 1
tasks     : 8
node list : node06
started   : Wed Aug 26 22:54:49 IST 2026
=========================================

>> building
mkdir -p bin
mpicxx -O2 -std=c++17 -Wall -o bin/tri_mpi src/tri_mpi.cpp
g++ -O2 -std=c++17 -Wall -o bin/tri_seq src/tri_seq.cpp
g++ -O2 -std=c++17 -Wall -o bin/gen_graph src/gen_graph.cpp

>> correctness
Q4 correctness check - Wed Aug 26 22:54:50 IST 2026

== known-answer graphs ==
  PASS  sample  P=1  (2)
  PASS  sample  P=2  (2)
  PASS  sample  P=4  (2)
  PASS  sample  P=8  (2)
  PASS  tri_single  P=1  (1)
  PASS  tri_single  P=2  (1)
  PASS  tri_single  P=4  (1)
  PASS  tri_single  P=8  (1)
  PASS  tri_none  P=1  (0)
  PASS  tri_none  P=2  (0)
  PASS  tri_none  P=4  (0)
  PASS  tri_none  P=8  (0)
  PASS  tri_k4  P=1  (4)
  PASS  tri_k4  P=2  (4)
  PASS  tri_k4  P=4  (4)
  PASS  tri_k4  P=8  (4)
  PASS  tri_k5  P=1  (10)
  PASS  tri_k5  P=2  (10)
  PASS  tri_k5  P=4  (10)
  PASS  tri_k5  P=8  (10)
  PASS  tri_star  P=1  (0)
  PASS  tri_star  P=2  (0)
  PASS  tri_star  P=4  (0)
  PASS  tri_star  P=8  (0)
  PASS  tri_two  P=1  (2)
  PASS  tri_two  P=2  (2)
  PASS  tri_two  P=4  (2)
  PASS  tri_two  P=8  (2)

== random graphs, MPI vs sequential ==
  PASS  V=500 E=2000  P=1  (94 triangles)
  PASS  V=500 E=2000  P=2  (94 triangles)
  PASS  V=500 E=2000  P=4  (94 triangles)
  PASS  V=500 E=2000  P=8  (94 triangles)
  PASS  V=1000 E=20000  P=1  (11266 triangles)
  PASS  V=1000 E=20000  P=2  (11266 triangles)
  PASS  V=1000 E=20000  P=4  (11266 triangles)
  PASS  V=1000 E=20000  P=8  (11266 triangles)
  PASS  V=300 E=10000  P=1  (49572 triangles)
  PASS  V=300 E=10000  P=2  (49572 triangles)
  PASS  V=300 E=10000  P=4  (49572 triangles)
  PASS  V=300 E=10000  P=8  (49572 triangles)
  PASS  V=2000 E=4001  P=1  (13 triangles)
  PASS  V=2000 E=4001  P=2  (13 triangles)
  PASS  V=2000 E=4001  P=4  (13 triangles)
  PASS  V=2000 E=4001  P=8  (13 triangles)
  PASS  V=50 E=1000  P=1  (10631 triangles)
  PASS  V=50 E=1000  P=2  (10631 triangles)
  PASS  V=50 E=1000  P=4  (10631 triangles)
  PASS  V=50 E=1000  P=8  (10631 triangles)
  PASS  V=5000 E=6000  P=1  (4 triangles)
  PASS  V=5000 E=6000  P=2  (4 triangles)
  PASS  V=5000 E=6000  P=4  (4 triangles)
  PASS  V=5000 E=6000  P=8  (4 triangles)
  PASS  V=100 E=4950  P=1  (161700 triangles)
  PASS  V=100 E=4950  P=2  (161700 triangles)
  PASS  V=100 E=4950  P=4  (161700 triangles)
  PASS  V=100 E=4950  P=8  (161700 triangles)

RESULT: all checks passed

written to results/correctness.txt

>> benchmark

--- Small  V=20000  E=250000 ---
  P=1  total   0.0370s   bcast  0.0000  build  0.0060  count  0.0251  reduce  0.0000
  P=2  total   0.0268s   bcast  0.0015  build  0.0065  count  0.0127  reduce  0.0001
  P=4  total   0.0217s   bcast  0.0027  build  0.0064  count  0.0065  reduce  0.0001
  P=8  total   0.0198s   bcast  0.0036  build  0.0068  count  0.0033  reduce  0.0007

--- Medium  V=10000  E=500000 ---
  P=1  total   0.2070s   bcast  0.0000  build  0.0144  count  0.1843  reduce  0.0000
  P=2  total   0.1198s   bcast  0.0030  build  0.0139  count  0.0939  reduce  0.0001
  P=4  total   0.0753s   bcast  0.0055  build  0.0134  count  0.0475  reduce  0.0015
  P=8  total   0.0560s   bcast  0.0067  build  0.0153  count  0.0242  reduce  0.0015

--- Large  V=6000  E=750000 ---
  P=1  total   0.7193s   bcast  0.0000  build  0.0190  count  0.6859  reduce  0.0000
  P=2  total   0.3923s   bcast  0.0038  build  0.0206  count  0.3549  reduce  0.0002
  P=4  total   0.2183s   bcast  0.0077  build  0.0202  count  0.1772  reduce  0.0033
  P=8  total   0.1343s   bcast  0.0082  build  0.0228  count  0.0900  reduce  0.0020

--- Verylarge  V=4000  E=1000000 ---
  P=1  total   1.8489s   bcast  0.0000  build  0.0263  count  1.8045  reduce  0.0000
  P=2  total   0.9768s   bcast  0.0049  build  0.0286  count  0.9248  reduce  0.0018
  P=4  total   0.5195s   bcast  0.0093  build  0.0290  count  0.4627  reduce  0.0024
  P=8  total   0.2906s   bcast  0.0102  build  0.0298  count  0.2328  reduce  0.0018

finished: Wed Aug 26 22:55:18 IST 2026

raw timings : results/benchmark_raw.csv
transcript  : results/benchmark_log.txt
tables      : results/report_tables.md
graph       : skipped (no matplotlib on this machine)

=========================================
finished  : Wed Aug 26 22:55:18 IST 2026
results in /home/cs3401.15/Assignment_2/Q4/results/
=========================================
