TOTAL_REQUESTS 3
SUCCESSFUL_REQUESTS 3
FAILED_REQUESTS 0
AVERAGE_RESPONSE_TIME 20.000000
MIN_RESPONSE_TIME 10.000000
MAX_RESPONSE_TIME 30.000000
TOTAL_BYTES 600
STATUS_2XX 2
STATUS_3XX 1
STATUS_4XX 0
STATUS_5XX 0
BUSIEST_INTERVAL 1 3
TOP_SERVERS
0 2 20.000000
1 1 20.000000
TOP_ENDPOINTS
1 2 300
2 1 300
